\BOOKMARK [0][-]{chapter.1}{\376\377\000B\000e\000v\000e\000z\000e\000t\001\121}{}% 1
\BOOKMARK [1][-]{section.1.1}{\376\377\000W\000e\000b\000\040\000a\000l\000k\000a\000l\000m\000a\000z\000\341\000s\000o\000k\000\040\000k\000e\000z\000d\000e\000t\000e\000k\000t\001\121\000l\000\040\000n\000a\000p\000j\000a\000i\000n\000k\000i\000g}{chapter.1}% 2
\BOOKMARK [1][-]{section.1.2}{\376\377\000K\000o\000r\000a\000i\000\040\000v\000i\000l\000\341\000g\000h\000\341\000l\000\363}{chapter.1}% 3
\BOOKMARK [1][-]{section.1.3}{\376\377\000D\000i\000n\000a\000m\000i\000k\000u\000s\000\040\000v\000i\000l\000\341\000g\000h\000\341\000l\000\363}{chapter.1}% 4
\BOOKMARK [1][-]{section.1.4}{\376\377\000F\000e\000j\000l\000e\000t\000t\000\040\000k\000l\000i\000e\000n\000s\000o\000l\000d\000a\000l\000i\000\040\000w\000e\000b\000\040\000\050\000A\000J\000A\000X\000,\000\040\000S\000P\000A\000-\000k\000,\000\040\000k\000e\000r\000e\000t\000r\000e\000n\000d\000s\000z\000e\000r\000e\000k\000\051}{chapter.1}% 5
\BOOKMARK [1][-]{section.1.5}{\376\377\000M\000o\000b\000i\000l\000\040\000\351\000s\000\040\000w\000e\000b\000\040\000s\000t\000a\000n\000d\000a\000r\000d\000o\000k\000\040\000\050\000r\000e\000s\000z\000p\000o\000n\000z\000\355\000v\000\040\000d\000i\000z\000\341\000j\000n\000\051}{chapter.1}% 6
\BOOKMARK [1][-]{section.1.6}{\376\377\000J\000e\000l\000e\000n\000l\000e\000g\000i\000\040\000\341\000l\000l\000a\000p\000o\000t\000\040\000\351\000s\000\040\000t\000r\000e\000n\000d\000e\000k}{chapter.1}% 7
\BOOKMARK [1][-]{section.1.7}{\376\377\000A\000\040\000w\000e\000b\000\040\000f\000e\000j\000l\001\121\000d\000\351\000s\000\351\000n\000e\000k\000\040\000r\000\366\000v\000i\000d\000\040\000t\000\366\000r\000t\000\351\000n\000e\000t\000e\000\040\000-\000\040\000i\000d\001\121\000v\000o\000n\000a\000l}{chapter.1}% 8
\BOOKMARK [0][-]{chapter.2}{\376\377\000S\000z\000a\000k\000i\000r\000o\000d\000a\000l\000o\000m\000\040\000\341\000t\000t\000e\000k\000i\000n\000t\000\351\000s\000e}{}% 9
\BOOKMARK [1][-]{section.2.1}{\376\377\000C\000\355\000m\000\040\0001}{chapter.2}% 10
\BOOKMARK [2][-]{subsection.2.1.1}{\376\377\000A\000l\000c\000\355\000m\000\040\0001}{section.2.1}% 11
\BOOKMARK [0][-]{chapter.3}{\376\377\000E\000l\000m\000\351\000l\000e\000t\000i\000\040\000\341\000t\000t\000e\000k\000i\000n\000t\000\351\000s}{}% 12
\BOOKMARK [1][-]{section.3.1}{\376\377\000E\000l\000m\000\351\000l\000e\000t\000i\000\040\000\341\000t\000t\000e\000k\000i\000n\000t\000\351\000s}{chapter.3}% 13
\BOOKMARK [0][-]{chapter.4}{\376\377\000R\000e\000n\000d\000s\000z\000e\000r\000\040\000s\000p\000e\000c\000i\000f\000i\000k\000\341\000c\000i\000\363\000i}{}% 14
\BOOKMARK [1][-]{section.4.1}{\376\377\000C\000\355\000m\000\040\0001}{chapter.4}% 15
\BOOKMARK [0][-]{chapter.5}{\376\377\000G\000y\000a\000k\000o\000r\000l\000a\000t\000i\000\040\000m\000e\000g\000v\000a\000l\000\363\000s\000\355\000t\000\341\000s}{}% 16
\BOOKMARK [1][-]{section.5.1}{\376\377\000\301\000g\000e\000n\000s\000e\000k\000\040\000v\000e\000z\000\351\000r\000l\000\351\000s\000e}{chapter.5}% 17
\BOOKMARK [2][-]{subsection.5.1.1}{\376\377\000P\000o\000t\000e\000n\000c\000i\000\341\000l\000m\000e\000z\001\121\000\040\000n\000a\000v\000i\000g\000\341\000c\000i\000\363}{section.5.1}% 18
\BOOKMARK [0][-]{chapter.6}{\376\377\000E\000r\000e\000d\000m\000\351\000n\000y\000e\000k}{}% 19
\BOOKMARK [1][-]{section.6.1}{\376\377\000C\000\355\000m\000\040\0001}{chapter.6}% 20
\BOOKMARK [0][-]{chapter.7}{\376\377\000\326\000s\000s\000z\000e\000f\000o\000g\000l\000a\000l\000\341\000s}{}% 21
\BOOKMARK [1][-]{section.7.1}{\376\377\000\326\000s\000s\000z\000e\000f\000o\000g\000l\000a\000l\000\341\000s}{chapter.7}% 22
\BOOKMARK [0][-]{section.7.1}{\376\377\000I\000r\000o\000d\000a\000l\000o\000m\000j\000e\000g\000y\000z\000\351\000k}{}% 23
\BOOKMARK [0][-]{appendix.A}{\376\377\000F\000\374\000g\000g\000e\000l\000\351\000k}{}% 24
\BOOKMARK [1][-]{section.A.1}{\376\377\000A\000l\000f\000e\000j\000e\000z\000e\000t}{appendix.A}% 25
\BOOKMARK [2][-]{subsection.A.1.1}{\376\377\000C\000\355\000m}{section.A.1}% 26
